loading...
inst created
devs:1
GPU:Adreno (TM) 830 (unknown) 26.1.99
qfam:0
[TU_TRACE] PKT4 reg=0xa002 cnt=1
[TU_TRACE] PKT4 reg=0xa003 cnt=2
[TU_TRACE] PKT4 reg=0xa005 cnt=1
[TU_TRACE] PKT4 reg=0xa006 cnt=1
[TU_TRACE] PKT4 reg=0x9b06 cnt=1
[TU_TRACE] PKT4 reg=0x8213 cnt=1
[TU_TRACE] PKT4 reg=0xa99e cnt=1
[TU_TRACE] PKT4 reg=0xa9c7 cnt=5
[TU_TRACE] PKT4 reg=0x8866 cnt=1
[TU_TRACE] PKT4 reg=0xa9ae cnt=1
[TU_TRACE] PKT4 reg=0xa9c6 cnt=1
[TU_TRACE] PKT4 reg=0x8080 cnt=1
[TU_TRACE] PKT4 reg=0x8809 cnt=2
[TU_TRACE] PKT4 reg=0x8810 cnt=1
[TU_TRACE] PKT4 reg=0x8102 cnt=1
[TU_TRACE] PKT4 reg=0x8109 cnt=1
[TU_TRACE] PKT4 reg=0x9252 cnt=4
[TU_TRACE] PKT4 reg=0x9303 cnt=1
[TU_TRACE] PKT4 reg=0xa98c cnt=1
[TU_TRACE] PKT4 reg=0xa98b cnt=1
[TU_TRACE] PKT4 reg=0xaa02 cnt=2
[TU_TRACE] PKT4 reg=0x880b cnt=1
[TU_TRACE] PKT4 reg=0x880d cnt=1
[TU_TRACE] PKT4 reg=0xa006 cnt=1
[TU_TRACE] PKT4 reg=0x9b06 cnt=1
[TU_TRACE] PKT4 reg=0x8213 cnt=1
[TU_TRACE] PKT4 reg=0xa99e cnt=1
[TU_TRACE] PKT4 reg=0xa9c7 cnt=5
[TU_TRACE] PKT4 reg=0x8866 cnt=1
[TU_TRACE] PKT4 reg=0xa9ae cnt=1
[TU_TRACE] PKT4 reg=0xa9c6 cnt=1
[TU_TRACE] PKT4 reg=0x8080 cnt=1
[TU_TRACE] PKT4 reg=0x8809 cnt=2
[TU_TRACE] PKT4 reg=0x8810 cnt=1
[TU_TRACE] PKT4 reg=0x8102 cnt=1
[TU_TRACE] PKT4 reg=0x8109 cnt=1
[TU_TRACE] PKT4 reg=0x9252 cnt=4
[TU_TRACE] PKT4 reg=0x9303 cnt=1
[TU_TRACE] PKT4 reg=0xa98c cnt=1
[TU_TRACE] PKT4 reg=0xa98b cnt=1
[TU_TRACE] PKT4 reg=0xaa02 cnt=2
[TU_TRACE] PKT4 reg=0x880b cnt=1
[TU_TRACE] PKT4 reg=0x880d cnt=1
[TU_TRACE] WRITE_REG reg=0x8228 val=0x00000000
[TU_TRACE] PKT4 reg=0x8228 cnt=1
[TU_TRACE] WRITE_REG reg=0x8229 val=0x00000000
[TU_TRACE] PKT4 reg=0x8229 cnt=1
[TU_TRACE] WRITE_REG reg=0x822a val=0x00000000
[TU_TRACE] PKT4 reg=0x822a cnt=1
[TU_TRACE] WRITE_REG reg=0x822b val=0x00000000
[TU_TRACE] PKT4 reg=0x822b cnt=1
[TU_TRACE] WRITE_REG reg=0x822c val=0x00000000
[TU_TRACE] PKT4 reg=0x822c cnt=1
[TU_TRACE] WRITE_REG reg=0x822d val=0x00000000
[TU_TRACE] PKT4 reg=0x822d cnt=1
[TU_TRACE] WRITE_REG reg=0x8818 val=0x00000000
[TU_TRACE] PKT4 reg=0x8818 cnt=1
[TU_TRACE] WRITE_REG reg=0x8819 val=0x00000000
[TU_TRACE] PKT4 reg=0x8819 cnt=1
[TU_TRACE] WRITE_REG reg=0x881a val=0x00000000
[TU_TRACE] PKT4 reg=0x881a cnt=1
[TU_TRACE] WRITE_REG reg=0x881b val=0x00000000
[TU_TRACE] PKT4 reg=0x881b cnt=1
[TU_TRACE] WRITE_REG reg=0x881c val=0x00000000
[TU_TRACE] PKT4 reg=0x881c cnt=1
[TU_TRACE] WRITE_REG reg=0x881d val=0x00000000
[TU_TRACE] PKT4 reg=0x881d cnt=1
[TU_TRACE] WRITE_REG reg=0x881e val=0x00000000
[TU_TRACE] PKT4 reg=0x881e cnt=1
[TU_TRACE] WRITE_REG reg=0x8899 val=0x00000000
[TU_TRACE] PKT4 reg=0x8899 cnt=1
[TU_TRACE] WRITE_REG reg=0x88f1 val=0x00000001
[TU_TRACE] PKT4 reg=0x88f1 cnt=1
[TU_TRACE] WRITE_REG reg=0xab01 val=0x00000000
[TU_TRACE] PKT4 reg=0xab01 cnt=1
[TU_TRACE] WRITE_REG reg=0xab02 val=0x00000000
[TU_TRACE] PKT4 reg=0xab02 cnt=1
[TU_TRACE] WRITE_REG reg=0xab23 val=0x00000000
[TU_TRACE] PKT4 reg=0xab23 cnt=1
[TU_TRACE] WRITE_REG reg=0xb182 val=0x00000004
[TU_TRACE] PKT4 reg=0xb182 cnt=1
[TU_TRACE] WRITE_REG reg=0xb183 val=0x00000000
[TU_TRACE] PKT4 reg=0xb183 cnt=1
[TU_TRACE] WRITE_REG reg=0x980b val=0x00800280
[TU_TRACE] PKT4 reg=0x980b cnt=1
[TU_TRACE] WRITE_REG reg=0x9b00 val=0x00003f00
[TU_TRACE] PKT4 reg=0x9b00 cnt=1
[TU_TRACE] PKT4 reg=0x8130 cnt=1
[TU_TRACE] PKT4 reg=0x8131 cnt=1
[TU_TRACE] WRITE_REG reg=0xae0f val=0x0000003f
[TU_TRACE] PKT4 reg=0xae0f cnt=1
[TU_TRACE] PKT4 reg=0xab09 cnt=1
[TU_TRACE] WRITE_REG reg=0xb182 val=0x00000000
[TU_TRACE] PKT4 reg=0xb182 cnt=1
[TU_TRACE] WRITE_REG reg=0xa9a8 val=0x00000000
[TU_TRACE] PKT4 reg=0xa9a8 cnt=1
[TU_TRACE] PKT4 reg=0xab00 cnt=1
[TU_TRACE] PKT4 reg=0xa009 cnt=1
[TU_TRACE] WRITE_REG reg=0x8811 val=0x00000010
[TU_TRACE] PKT4 reg=0x8811 cnt=1
[TU_TRACE] PKT4 reg=0x8213 cnt=1
[TU_TRACE] WRITE_REG reg=0x8818 val=0x00000000
[TU_TRACE] PKT4 reg=0x8818 cnt=1
[TU_TRACE] PKT4 reg=0x9310 cnt=1
[TU_TRACE] PKT4 reg=0x9312 cnt=1
[TU_TRACE] PKT4 reg=0x9305 cnt=1
[TU_TRACE] WRITE_REG reg=0xb183 val=0x00000000
[TU_TRACE] PKT4 reg=0xb183 cnt=1
[TU_TRACE] PKT4 reg=0x8234 cnt=1
[TU_TRACE] PKT4 reg=0xb309 cnt=1
[TU_TRACE] PKT4 reg=0xa9cb cnt=1
[TU_TRACE] WRITE_REG reg=0xa007 val=0x00000000
[TU_TRACE] PKT4 reg=0xa007 cnt=1
[TU_TRACE] PKT4 reg=0x8864 cnt=1
[TU_TRACE] PKT4 reg=0xaa0c cnt=1
[TU_TRACE] PKT4 reg=0xb302 cnt=2
[TU_TRACE] PKT4 reg=0xb180 cnt=2
[TU_TRACE] PKT4 reg=0x9814 cnt=1
[TU_TRACE] PKT4 reg=0x9815 cnt=1
[TU_TRACE] PKT4 reg=0xa980 cnt=1
[TU_TRACE] PKT4 reg=0xa827 cnt=1
[TU_TRACE] PKT4 reg=0x88e5 cnt=1
[TU_TRACE] PKT4 reg=0x8812 cnt=1
[TU_TRACE] PKT4 reg=0x88e4 cnt=1
[TU_TRACE] WRITE_REG reg=0x8228 val=0x00000000
[TU_TRACE] PKT4 reg=0x8228 cnt=1
[TU_TRACE] WRITE_REG reg=0x8229 val=0x00000000
[TU_TRACE] PKT4 reg=0x8229 cnt=1
[TU_TRACE] WRITE_REG reg=0x822a val=0x00000000
[TU_TRACE] PKT4 reg=0x822a cnt=1
[TU_TRACE] WRITE_REG reg=0x822b val=0x00000000
[TU_TRACE] PKT4 reg=0x822b cnt=1
[TU_TRACE] WRITE_REG reg=0x822c val=0x00000000
[TU_TRACE] PKT4 reg=0x822c cnt=1
[TU_TRACE] WRITE_REG reg=0x822d val=0x00000000
[TU_TRACE] PKT4 reg=0x822d cnt=1
[TU_TRACE] WRITE_REG reg=0x8818 val=0x00000000
[TU_TRACE] PKT4 reg=0x8818 cnt=1
[TU_TRACE] WRITE_REG reg=0x8819 val=0x00000000
[TU_TRACE] PKT4 reg=0x8819 cnt=1
[TU_TRACE] WRITE_REG reg=0x881a val=0x00000000
[TU_TRACE] PKT4 reg=0x881a cnt=1
[TU_TRACE] WRITE_REG reg=0x881b val=0x00000000
[TU_TRACE] PKT4 reg=0x881b cnt=1
[TU_TRACE] WRITE_REG reg=0x881c val=0x00000000
[TU_TRACE] PKT4 reg=0x881c cnt=1
[TU_TRACE] WRITE_REG reg=0x881d val=0x00000000
[TU_TRACE] PKT4 reg=0x881d cnt=1
[TU_TRACE] WRITE_REG reg=0x881e val=0x00000000
[TU_TRACE] PKT4 reg=0x881e cnt=1
[TU_TRACE] WRITE_REG reg=0x8899 val=0x00000000
[TU_TRACE] PKT4 reg=0x8899 cnt=1
[TU_TRACE] WRITE_REG reg=0x88f1 val=0x00000001
[TU_TRACE] PKT4 reg=0x88f1 cnt=1
[TU_TRACE] WRITE_REG reg=0xab01 val=0x00000000
[TU_TRACE] PKT4 reg=0xab01 cnt=1
[TU_TRACE] WRITE_REG reg=0xab02 val=0x00000000
[TU_TRACE] PKT4 reg=0xab02 cnt=1
[TU_TRACE] WRITE_REG reg=0xab23 val=0x00000000
[TU_TRACE] PKT4 reg=0xab23 cnt=1
[TU_TRACE] WRITE_REG reg=0xb182 val=0x00000004
[TU_TRACE] PKT4 reg=0xb182 cnt=1
[TU_TRACE] WRITE_REG reg=0xb183 val=0x00000000
[TU_TRACE] PKT4 reg=0xb183 cnt=1
[TU_TRACE] WRITE_REG reg=0x980b val=0x00800280
[TU_TRACE] PKT4 reg=0x980b cnt=1
[TU_TRACE] WRITE_REG reg=0x9b00 val=0x00003f00
[TU_TRACE] PKT4 reg=0x9b00 cnt=1
[TU_TRACE] PKT4 reg=0x8130 cnt=1
[TU_TRACE] PKT4 reg=0x8131 cnt=1
[TU_TRACE] WRITE_REG reg=0xae0f val=0x0000003f
[TU_TRACE] PKT4 reg=0xae0f cnt=1
[TU_TRACE] PKT4 reg=0xab09 cnt=1
[TU_TRACE] WRITE_REG reg=0xb182 val=0x00000000
[TU_TRACE] PKT4 reg=0xb182 cnt=1
[TU_TRACE] WRITE_REG reg=0xa9a8 val=0x00000000
[TU_TRACE] PKT4 reg=0xa9a8 cnt=1
[TU_TRACE] PKT4 reg=0xab00 cnt=1
[TU_TRACE] PKT4 reg=0xa009 cnt=1
[TU_TRACE] WRITE_REG reg=0x8811 val=0x00000010
[TU_TRACE] PKT4 reg=0x8811 cnt=1
[TU_TRACE] PKT4 reg=0x8213 cnt=1
[TU_TRACE] WRITE_REG reg=0x8818 val=0x00000000
[TU_TRACE] PKT4 reg=0x8818 cnt=1
[TU_TRACE] PKT4 reg=0x9310 cnt=1
[TU_TRACE] PKT4 reg=0x9312 cnt=1
[TU_TRACE] PKT4 reg=0x9305 cnt=1
[TU_TRACE] WRITE_REG reg=0xb183 val=0x00000000
[TU_TRACE] PKT4 reg=0xb183 cnt=1
[TU_TRACE] PKT4 reg=0x8234 cnt=1
[TU_TRACE] PKT4 reg=0xb309 cnt=1
[TU_TRACE] PKT4 reg=0xa9cb cnt=1
[TU_TRACE] WRITE_REG reg=0xa007 val=0x00000000
[TU_TRACE] PKT4 reg=0xa007 cnt=1
[TU_TRACE] PKT4 reg=0x8864 cnt=1
[TU_TRACE] PKT4 reg=0xaa0c cnt=1
[TU_TRACE] PKT4 reg=0xb302 cnt=2
[TU_TRACE] PKT4 reg=0xb180 cnt=2
[TU_TRACE] PKT4 reg=0x9814 cnt=1
[TU_TRACE] PKT4 reg=0x9815 cnt=1
[TU_TRACE] PKT4 reg=0xa980 cnt=1
[TU_TRACE] PKT4 reg=0xa827 cnt=1
dev created
queue=0xb4000078f6659400
cb=0xb400007869b42900
begin cb...
[TU_TRACE] PKT7 op=0x17 cnt=1
[TU_TRACE] PKT7 op=0x46 cnt=1
[TU_TRACE] PKT7 op=0x46 cnt=1
[TU_TRACE] PKT7 op=0x46 cnt=1
[TU_TRACE] PKT7 op=0x46 cnt=1
[TU_TRACE] PKT7 op=0x26 cnt=0
[TU_TRACE] PKT4 reg=0xab1f cnt=1
[TU_TRACE] PKT7 op=0x26 cnt=0
[TU_TRACE] WRITE_REG reg=0x8228 val=0x00000000
[TU_TRACE] PKT4 reg=0x8228 cnt=1
[TU_TRACE] WRITE_REG reg=0x8229 val=0x00000000
[TU_TRACE] PKT4 reg=0x8229 cnt=1
[TU_TRACE] WRITE_REG reg=0x822a val=0x00000000
[TU_TRACE] PKT4 reg=0x822a cnt=1
[TU_TRACE] WRITE_REG reg=0x822b val=0x00000000
[TU_TRACE] PKT4 reg=0x822b cnt=1
[TU_TRACE] WRITE_REG reg=0x822c val=0x00000000
[TU_TRACE] PKT4 reg=0x822c cnt=1
[TU_TRACE] WRITE_REG reg=0x822d val=0x00000000
[TU_TRACE] PKT4 reg=0x822d cnt=1
[TU_TRACE] WRITE_REG reg=0x8818 val=0x00000000
[TU_TRACE] PKT4 reg=0x8818 cnt=1
[TU_TRACE] WRITE_REG reg=0x8819 val=0x00000000
[TU_TRACE] PKT4 reg=0x8819 cnt=1
[TU_TRACE] WRITE_REG reg=0x881a val=0x00000000
[TU_TRACE] PKT4 reg=0x881a cnt=1
[TU_TRACE] WRITE_REG reg=0x881b val=0x00000000
[TU_TRACE] PKT4 reg=0x881b cnt=1
[TU_TRACE] WRITE_REG reg=0x881c val=0x00000000
[TU_TRACE] PKT4 reg=0x881c cnt=1
[TU_TRACE] WRITE_REG reg=0x881d val=0x00000000
[TU_TRACE] PKT4 reg=0x881d cnt=1
[TU_TRACE] WRITE_REG reg=0x881e val=0x00000000
[TU_TRACE] PKT4 reg=0x881e cnt=1
[TU_TRACE] WRITE_REG reg=0x8899 val=0x00000000
[TU_TRACE] PKT4 reg=0x8899 cnt=1
[TU_TRACE] WRITE_REG reg=0x88f1 val=0x00000001
[TU_TRACE] PKT4 reg=0x88f1 cnt=1
[TU_TRACE] WRITE_REG reg=0xab01 val=0x00000000
[TU_TRACE] PKT4 reg=0xab01 cnt=1
[TU_TRACE] WRITE_REG reg=0xab02 val=0x00000000
[TU_TRACE] PKT4 reg=0xab02 cnt=1
[TU_TRACE] WRITE_REG reg=0xab23 val=0x00000000
[TU_TRACE] PKT4 reg=0xab23 cnt=1
[TU_TRACE] WRITE_REG reg=0xb182 val=0x00000004
[TU_TRACE] PKT4 reg=0xb182 cnt=1
[TU_TRACE] WRITE_REG reg=0xb183 val=0x00000000
[TU_TRACE] PKT4 reg=0xb183 cnt=1
[TU_TRACE] WRITE_REG reg=0x980b val=0x00800280
[TU_TRACE] PKT4 reg=0x980b cnt=1
[TU_TRACE] WRITE_REG reg=0x9b00 val=0x00003f00
[TU_TRACE] PKT4 reg=0x9b00 cnt=1
[TU_TRACE] PKT4 reg=0x8130 cnt=1
[TU_TRACE] PKT4 reg=0x8131 cnt=1
[TU_TRACE] WRITE_REG reg=0xae0f val=0x0000003f
[TU_TRACE] PKT4 reg=0xae0f cnt=1
[TU_TRACE] PKT4 reg=0xab09 cnt=1
[TU_TRACE] WRITE_REG reg=0xb182 val=0x00000000
[TU_TRACE] PKT4 reg=0xb182 cnt=1
[TU_TRACE] WRITE_REG reg=0xa9a8 val=0x00000000
[TU_TRACE] PKT4 reg=0xa9a8 cnt=1
[TU_TRACE] PKT4 reg=0xab00 cnt=1
[TU_TRACE] PKT4 reg=0xa009 cnt=1
[TU_TRACE] WRITE_REG reg=0x8811 val=0x00000010
[TU_TRACE] PKT4 reg=0x8811 cnt=1
[TU_TRACE] PKT4 reg=0x8213 cnt=1
[TU_TRACE] WRITE_REG reg=0x8818 val=0x00000000
[TU_TRACE] PKT4 reg=0x8818 cnt=1
[TU_TRACE] PKT4 reg=0x9310 cnt=1
[TU_TRACE] PKT4 reg=0x9312 cnt=1
[TU_TRACE] PKT4 reg=0x9305 cnt=1
[TU_TRACE] WRITE_REG reg=0xb183 val=0x00000000
[TU_TRACE] PKT4 reg=0xb183 cnt=1
[TU_TRACE] PKT4 reg=0x8234 cnt=1
[TU_TRACE] PKT4 reg=0xb309 cnt=1
[TU_TRACE] PKT4 reg=0xa9cb cnt=1
[TU_TRACE] WRITE_REG reg=0xa007 val=0x00000000
[TU_TRACE] PKT4 reg=0xa007 cnt=1
[TU_TRACE] PKT4 reg=0x8864 cnt=1
[TU_TRACE] PKT4 reg=0xaa0c cnt=1
[TU_TRACE] PKT4 reg=0xb302 cnt=2
[TU_TRACE] PKT4 reg=0xb180 cnt=2
[TU_TRACE] PKT4 reg=0x9814 cnt=1
[TU_TRACE] PKT4 reg=0x9815 cnt=1
[TU_TRACE] PKT4 reg=0xa980 cnt=1
[TU_TRACE] PKT4 reg=0xa827 cnt=1
[TU_TRACE] PKT4 reg=0x9313 cnt=1
[TU_TRACE] PKT4 reg=0x8c34 cnt=1
[TU_TRACE] PKT4 reg=0x88e5 cnt=1
[TU_TRACE] PKT7 op=0x43 cnt=3
[TU_TRACE] PKT7 op=0x1b cnt=2
[TU_TRACE] PKT7 op=0x17 cnt=1
[TU_TRACE] PKT7 op=0x55 cnt=3
[TU_TRACE] PKT7 op=0x17 cnt=1
[TU_TRACE] PKT7 op=0x55 cnt=3
[TU_TRACE] PKT7 op=0x17 cnt=1
[TU_TRACE] PKT7 op=0x39 cnt=3
[TU_TRACE] PKT7 op=0x55 cnt=3
[TU_TRACE] PKT7 op=0x55 cnt=3
[TU_TRACE] PKT7 op=0x17 cnt=1
end cb...
[TU_TRACE] PKT7 op=0x46 cnt=1
[TU_TRACE] PKT7 op=0x46 cnt=1
submit...
submit done
done
